src/demo/components/Sidebar/index.tsx(3,37): error TS2307: Cannot find module 'react-icons/md' or its corresponding type declarations.
src/demo/components/Sidebar/index.tsx(7,35): error TS2307: Cannot find module 'react-icons/fa6' or its corresponding type declarations.
src/demo/components/Sidebar/index.tsx(8,48): error TS2307: Cannot find module 'react-icons/md' or its corresponding type declarations.
src/demo/components/Sidebar/index.tsx(9,27): error TS2307: Cannot find module 'react-icons/ci' or its corresponding type declarations.
src/demo/components/Sidebar/index.tsx(10,36): error TS2307: Cannot find module 'react-icons/bs' or its corresponding type declarations.
src/demo/pages/Dashboard/index.tsx(4,46): error TS6133: 'FaExclamationTriangle' is declared but its value is never read.
src/demo/pages/Dashboard/index.tsx(4,75): error TS2307: Cannot find module 'react-icons/fa' or its corresponding type declarations.
src/demo/pages/Login/index.tsx(4,32): error TS2307: Cannot find module 'react-icons/fa' or its corresponding type declarations.
src/demo/pages/Tracking/components/TrackingStatus.tsx(2,32): error TS2307: Cannot find module 'react-icons/md' or its corresponding type declarations.
src/demo/pages/Tracking/components/TrackingStatus.tsx(4,1): error TS6133: 'clsx' is declared but its value is never read.
src/demo/pages/Tracking/components/TruckStatusList.tsx(7,42): error TS2307: Cannot find module 'react-icons/md' or its corresponding type declarations.
src/demo/pages/Tracking/TruckTracking.tsx(22,7): error TS6133: 'statusColors' is declared but its value is never read.
src/demo/pages/Tracking/TruckTracking.tsx(29,43): error TS6133: 'speed' is declared but its value is never read.
src/demo/pages/Tracking/TruckTracking.tsx(62,10): error TS6133: 'selectedTruck' is declared but its value is never read.
src/demo/pages/Truck/index.tsx(20,10): error TS6133: 'dateRange' is declared but its value is never read.
src/demo/pages/Truck/index.tsx(265,49): error TS6133: 'r' is declared but its value is never read.
src/demo/pages/Truck/index.tsx(266,48): error TS6133: 'r' is declared but its value is never read.
src/demo/pages/Truck/index.tsx(267,48): error TS6133: 'r' is declared but its value is never read.
src/demo/pages/Truck/index.tsx(268,48): error TS6133: 'r' is declared but its value is never read.
src/demo/pages/Truck/index.tsx(269,44): error TS6133: 'r' is declared but its value is never read.
